<html>
<body>
<pre>
<h1>礦ision Build Log</h1>
<h2>Tool Versions:</h2>
IDE-Version: μVision V5.39.0.0
Copyright (C) 2023 ARM Ltd and ARM Germany GmbH. All rights reserved.
License Information: 1 User1, 1, LIC=9WSKC-7RULM-WFJI7-ESBN7-N90MA-6ZGDT
 
Tool Versions:
Toolchain:       MDK-ARM Plus  Version: 5.39.0.0
Toolchain Path:  E:\KILE5_Install\ARM\ARMCLANG\Bin
C Compiler:      ArmClang.exe V6.21
Assembler:       Armasm.exe V6.21
Linker/Locator:  ArmLink.exe V6.21
Library Manager: ArmAr.exe V6.21
Hex Converter:   FromElf.exe V6.21
CPU DLL:         SARMCM3.DLL V5.39.0.0
Dialog DLL:      DARMCM1.DLL V1.19.6.0
Target DLL:      Segger\JL2CM3.dll V2.99.43.0
Dialog DLL:      TARMCM1.DLL V1.14.6.0
 
<h2>Project:</h2>
E:\CCS-SDK\mspm0_sdk_2_07_00_05\6-2 PWM驱动直流电机\keil\empty_LP_MSPM0G3507_nortos_keil.uvprojx
Project File Date:  06/30/2026

<h2>Output:</h2>
*** Using Compiler 'V6.21', folder: 'E:\KILE5_Install\ARM\ARMCLANG\Bin'
Build target 'empty_LP_MSPM0G3507_nortos_keil'
Before Build - User command #1: cmd.exe /C "E:\CCS-SDK\mspm0_sdk_2_07_00_05\6-2 PWM驱动直流电机\keil\../../tools/keil/syscfg.bat 'E:\CCS-SDK\mspm0_sdk_2_07_00_05\6-2 PWM驱动直流电机\keil\' empty.syscfg"
'E:\CCS-SDK\mspm0_sdk_2_07_00_05\6-2' 不是内部或外部命令，也不是可运行的程序
或批处理文件。
compiling empty.c...
linking...
Program Size: Code=4102 RO-data=1786 RW-data=0 ZI-data=360  
FromELF: creating hex file...
".\Objects\empty_LP_MSPM0G3507_nortos_keil.axf" - 0 Error(s), 0 Warning(s).

<h2>Software Packages used:</h2>

Package Vendor: TexasInstruments
                https://software-dl.ti.com/msp430/esd/MSPM0-CMSIS/MSPM0G1X0X_G3X0X/latest/exports/TexasInstruments.MSPM0G1X0X_G3X0X_DFP.1.3.1.pack
                TexasInstruments::MSPM0G1X0X_G3X0X_DFP@1.3.1
                Device Family Pack for Texas Instruments MSPM0G1X0X_G3X0X Series

<h2>Collection of Component include folders:</h2>

<h2>Collection of Component Files used:</h2>
Build Time Elapsed:  00:00:00
</pre>
</body>
</html>
